Id,Name,Date,IsActive,Value
0,Model Number: 1337,03/23/2020 00:00:00,False,3.141592653589793
1,Model Number: 1337,03/24/2020 00:00:00,True,6.283185307179586
2,Model Number: 1337,03/25/2020 00:00:00,False,9.42477796076938
